2025-01-01,Banner_Top,25.50,0.85
2025-01-01,Banner_Side,23.44,0.78
2025-01-01,Video_Pre,90.00,0.92
2025-01-02,Banner_Top,25.00,0.88
2025-01-02,Banner_Side,25.00,0.82
2025-01-02,Video_Pre,90.00,0.95
2025-01-03,Banner_Top,25.00,0.87
2025-01-03,Banner_Side,23.82,0.80
2025-01-03,Video_Pre,90.00,0.93