2025-01-01,Banner_Top,1000,25.50
2025-01-01,Banner_Side,800,18.75
2025-01-01,Video_Pre,500,45.00
2025-01-02,Banner_Top,1200,30.00
2025-01-02,Banner_Side,900,22.50
2025-01-02,Video_Pre,600,54.00
2025-01-03,Banner_Top,1100,27.50
2025-01-03,Banner_Side,850,20.25
2025-01-03,Video_Pre,550,49.50